[1.178s] Invoking command in '/home/hehe/Documents/GitHub/swarm_robots/build/master': PYTHONPATH=/home/hehe/Documents/GitHub/swarm_robots/build/master/prefix_override:/usr/lib/python3/dist-packages/colcon_core/task/python/colcon_distutils_commands:/home/hehe/Documents/GitHub/swarm_robots/install/master/lib/python3.10/site-packages:${PYTHONPATH} /usr/bin/python3 -W ignore:setup.py install is deprecated -W ignore:easy_install command is deprecated setup.py develop --editable --build-directory /home/hehe/Documents/GitHub/swarm_robots/build/master/build --no-deps symlink_data
[1.695s] running develop
[1.696s] running egg_info
[1.696s] creating master.egg-info
[1.696s] writing master.egg-info/PKG-INFO
[1.696s] writing dependency_links to master.egg-info/dependency_links.txt
[1.696s] writing entry points to master.egg-info/entry_points.txt
[1.696s] writing requirements to master.egg-info/requires.txt
[1.696s] writing top-level names to master.egg-info/top_level.txt
[1.696s] writing manifest file 'master.egg-info/SOURCES.txt'
[1.696s] reading manifest file 'master.egg-info/SOURCES.txt'
[1.696s] writing manifest file 'master.egg-info/SOURCES.txt'
[1.696s] running build_ext
[1.697s] Creating /home/hehe/Documents/GitHub/swarm_robots/install/master/lib/python3.10/site-packages/master.egg-link (link to .)
[1.697s] Installing aco script to /home/hehe/Documents/GitHub/swarm_robots/install/master/lib/master
[1.697s] Installing statusReceiver script to /home/hehe/Documents/GitHub/swarm_robots/install/master/lib/master
[1.697s] 
[1.697s] Installed /home/hehe/Documents/GitHub/swarm_robots/build/master
[1.697s] running symlink_data
[1.697s] creating /home/hehe/Documents/GitHub/swarm_robots/install/master/share/ament_index
[1.697s] creating /home/hehe/Documents/GitHub/swarm_robots/install/master/share/ament_index/resource_index
[1.697s] creating /home/hehe/Documents/GitHub/swarm_robots/install/master/share/ament_index/resource_index/packages
[1.697s] symbolically linking /home/hehe/Documents/GitHub/swarm_robots/build/master/resource/master -> /home/hehe/Documents/GitHub/swarm_robots/install/master/share/ament_index/resource_index/packages
[1.697s] symbolically linking /home/hehe/Documents/GitHub/swarm_robots/build/master/package.xml -> /home/hehe/Documents/GitHub/swarm_robots/install/master/share/master
[1.697s] creating /home/hehe/Documents/GitHub/swarm_robots/install/master/share/master/launch
[2.083s] Invoked command in '/home/hehe/Documents/GitHub/swarm_robots/build/master' returned '0': PYTHONPATH=/home/hehe/Documents/GitHub/swarm_robots/build/master/prefix_override:/usr/lib/python3/dist-packages/colcon_core/task/python/colcon_distutils_commands:/home/hehe/Documents/GitHub/swarm_robots/install/master/lib/python3.10/site-packages:${PYTHONPATH} /usr/bin/python3 -W ignore:setup.py install is deprecated -W ignore:easy_install command is deprecated setup.py develop --editable --build-directory /home/hehe/Documents/GitHub/swarm_robots/build/master/build --no-deps symlink_data
