[0.010s] Invoking command in '/home/hehe/Documents/GitHub/swarm_robots/build/robot_bringup': AMENT_PREFIX_PATH=/home/hehe/Documents/GitHub/swarm_robots/install/cartographer:${AMENT_PREFIX_PATH} CMAKE_PREFIX_PATH=/home/hehe/Documents/GitHub/swarm_robots/install/cartographer:/home/hehe/swarm/src/multibot/install/turtlebot3_multi_robot:/home/hehe/swarm/src/multibot/install/follow_waypoints:/opt/ros/humble /usr/bin/cmake /home/hehe/Documents/GitHub/swarm_robots/simulation_ws/src/robot_bringup -DAMENT_CMAKE_SYMLINK_INSTALL=1 -DCMAKE_INSTALL_PREFIX=/home/hehe/Documents/GitHub/swarm_robots/install/robot_bringup
[0.072s] -- The C compiler identification is GNU 11.4.0
[0.134s] -- The CXX compiler identification is GNU 11.4.0
[0.141s] -- Detecting C compiler ABI info
[0.200s] -- Detecting C compiler ABI info - done
[0.208s] -- Check for working C compiler: /usr/bin/cc - skipped
[0.208s] -- Detecting C compile features
[0.208s] -- Detecting C compile features - done
[0.211s] -- Detecting CXX compiler ABI info
[0.279s] -- Detecting CXX compiler ABI info - done
[0.287s] -- Check for working CXX compiler: /usr/bin/c++ - skipped
[0.287s] -- Detecting CXX compile features
[0.287s] -- Detecting CXX compile features - done
[0.289s] -- Found ament_cmake: 1.3.12 (/opt/ros/humble/share/ament_cmake/cmake)
[0.429s] -- Found Python3: /usr/bin/python3 (found version "3.10.12") found components: Interpreter 
[0.482s] -- Override CMake install command with custom implementation using symlinks instead of copying resources
[0.533s] -- Found ament_lint_auto: 0.12.14 (/opt/ros/humble/share/ament_lint_auto/cmake)
[0.606s] -- Added test 'flake8' to check Python code syntax and style conventions
[0.606s] -- Added test 'lint_cmake' to check CMake code style
[0.607s] -- Added test 'pep257' to check Python code against some of the docstring style conventions in PEP 257
[0.608s] -- Added test 'xmllint' to check XML markup files
[0.609s] -- Configuring done
[0.611s] -- Generating done
[0.612s] -- Build files have been written to: /home/hehe/Documents/GitHub/swarm_robots/build/robot_bringup
[0.616s] Invoked command in '/home/hehe/Documents/GitHub/swarm_robots/build/robot_bringup' returned '0': AMENT_PREFIX_PATH=/home/hehe/Documents/GitHub/swarm_robots/install/cartographer:${AMENT_PREFIX_PATH} CMAKE_PREFIX_PATH=/home/hehe/Documents/GitHub/swarm_robots/install/cartographer:/home/hehe/swarm/src/multibot/install/turtlebot3_multi_robot:/home/hehe/swarm/src/multibot/install/follow_waypoints:/opt/ros/humble /usr/bin/cmake /home/hehe/Documents/GitHub/swarm_robots/simulation_ws/src/robot_bringup -DAMENT_CMAKE_SYMLINK_INSTALL=1 -DCMAKE_INSTALL_PREFIX=/home/hehe/Documents/GitHub/swarm_robots/install/robot_bringup
[0.619s] Invoking command in '/home/hehe/Documents/GitHub/swarm_robots/build/robot_bringup': AMENT_PREFIX_PATH=/home/hehe/Documents/GitHub/swarm_robots/install/cartographer:${AMENT_PREFIX_PATH} CMAKE_PREFIX_PATH=/home/hehe/Documents/GitHub/swarm_robots/install/cartographer:/home/hehe/swarm/src/multibot/install/turtlebot3_multi_robot:/home/hehe/swarm/src/multibot/install/follow_waypoints:/opt/ros/humble /usr/bin/cmake --build /home/hehe/Documents/GitHub/swarm_robots/build/robot_bringup -- -j6 -l6
[0.653s] Invoked command in '/home/hehe/Documents/GitHub/swarm_robots/build/robot_bringup' returned '0': AMENT_PREFIX_PATH=/home/hehe/Documents/GitHub/swarm_robots/install/cartographer:${AMENT_PREFIX_PATH} CMAKE_PREFIX_PATH=/home/hehe/Documents/GitHub/swarm_robots/install/cartographer:/home/hehe/swarm/src/multibot/install/turtlebot3_multi_robot:/home/hehe/swarm/src/multibot/install/follow_waypoints:/opt/ros/humble /usr/bin/cmake --build /home/hehe/Documents/GitHub/swarm_robots/build/robot_bringup -- -j6 -l6
[0.655s] Invoking command in '/home/hehe/Documents/GitHub/swarm_robots/build/robot_bringup': AMENT_PREFIX_PATH=/home/hehe/Documents/GitHub/swarm_robots/install/cartographer:${AMENT_PREFIX_PATH} CMAKE_PREFIX_PATH=/home/hehe/Documents/GitHub/swarm_robots/install/cartographer:/home/hehe/swarm/src/multibot/install/turtlebot3_multi_robot:/home/hehe/swarm/src/multibot/install/follow_waypoints:/opt/ros/humble /usr/bin/cmake --install /home/hehe/Documents/GitHub/swarm_robots/build/robot_bringup
[0.661s] -- Install configuration: ""
[0.661s] -- Execute custom install script
[0.662s] -- Symlinking: /home/hehe/Documents/GitHub/swarm_robots/install/robot_bringup/share/robot_bringup//description/gazebo_control.xacro
[0.675s] -- Symlinking: /home/hehe/Documents/GitHub/swarm_robots/install/robot_bringup/share/robot_bringup//description/inertial_macros.xacro
[0.682s] -- Symlinking: /home/hehe/Documents/GitHub/swarm_robots/install/robot_bringup/share/robot_bringup//description/lidar.xacro
[0.690s] -- Symlinking: /home/hehe/Documents/GitHub/swarm_robots/install/robot_bringup/share/robot_bringup//description/swarm_bot.urdf
[0.698s] -- Symlinking: /home/hehe/Documents/GitHub/swarm_robots/install/robot_bringup/share/robot_bringup//description/swarm_bot.xacro
[0.705s] -- Symlinking: /home/hehe/Documents/GitHub/swarm_robots/install/robot_bringup/share/robot_bringup//launch/multi_robots_setup.py
[0.713s] -- Symlinking: /home/hehe/Documents/GitHub/swarm_robots/install/robot_bringup/share/robot_bringup//launch/multi_robots_spawn.launch.py
[0.720s] -- Symlinking: /home/hehe/Documents/GitHub/swarm_robots/install/robot_bringup/share/robot_bringup//launch/robot_spawn.launch.py
[0.727s] -- Symlinking: /home/hehe/Documents/GitHub/swarm_robots/install/robot_bringup/share/robot_bringup//launch/robot_spawn_position.py
[0.734s] -- Symlinking: /home/hehe/Documents/GitHub/swarm_robots/install/robot_bringup/share/robot_bringup//launch/robot_spawn_tf.py
[0.742s] -- Symlinking: /home/hehe/Documents/GitHub/swarm_robots/install/robot_bringup/share/robot_bringup//launch/tf_broadcaster.py
[0.750s] -- Symlinking: /home/hehe/Documents/GitHub/swarm_robots/install/robot_bringup/share/robot_bringup//worlds/obstacle.worlds
[0.758s] -- Symlinking: /home/hehe/Documents/GitHub/swarm_robots/install/robot_bringup/share/robot_bringup//worlds/swarm_world.worlds
[0.766s] -- Symlinking: /home/hehe/Documents/GitHub/swarm_robots/install/robot_bringup/lib/robot_bringup/robot_spawn_position.py
[0.773s] -- Symlinking: /home/hehe/Documents/GitHub/swarm_robots/install/robot_bringup/lib/robot_bringup/robot_spawn_tf.py
[0.780s] -- Symlinking: /home/hehe/Documents/GitHub/swarm_robots/install/robot_bringup/share/ament_index/resource_index/package_run_dependencies/robot_bringup
[0.788s] -- Symlinking: /home/hehe/Documents/GitHub/swarm_robots/install/robot_bringup/share/ament_index/resource_index/parent_prefix_path/robot_bringup
[0.796s] -- Symlinking: /home/hehe/Documents/GitHub/swarm_robots/install/robot_bringup/share/robot_bringup/environment/ament_prefix_path.sh
[0.803s] -- Symlinking: /home/hehe/Documents/GitHub/swarm_robots/install/robot_bringup/share/robot_bringup/environment/ament_prefix_path.dsv
[0.817s] -- Symlinking: /home/hehe/Documents/GitHub/swarm_robots/install/robot_bringup/share/robot_bringup/environment/path.sh
[0.825s] -- Symlinking: /home/hehe/Documents/GitHub/swarm_robots/install/robot_bringup/share/robot_bringup/environment/path.dsv
[0.832s] -- Symlinking: /home/hehe/Documents/GitHub/swarm_robots/install/robot_bringup/share/robot_bringup/local_setup.bash
[0.840s] -- Symlinking: /home/hehe/Documents/GitHub/swarm_robots/install/robot_bringup/share/robot_bringup/local_setup.sh
[0.848s] -- Symlinking: /home/hehe/Documents/GitHub/swarm_robots/install/robot_bringup/share/robot_bringup/local_setup.zsh
[0.856s] -- Symlinking: /home/hehe/Documents/GitHub/swarm_robots/install/robot_bringup/share/robot_bringup/local_setup.dsv
[0.869s] -- Symlinking: /home/hehe/Documents/GitHub/swarm_robots/install/robot_bringup/share/robot_bringup/package.dsv
[0.881s] -- Symlinking: /home/hehe/Documents/GitHub/swarm_robots/install/robot_bringup/share/ament_index/resource_index/packages/robot_bringup
[0.891s] -- Symlinking: /home/hehe/Documents/GitHub/swarm_robots/install/robot_bringup/share/robot_bringup/cmake/robot_bringupConfig.cmake
[0.899s] -- Symlinking: /home/hehe/Documents/GitHub/swarm_robots/install/robot_bringup/share/robot_bringup/cmake/robot_bringupConfig-version.cmake
[0.906s] -- Symlinking: /home/hehe/Documents/GitHub/swarm_robots/install/robot_bringup/share/robot_bringup/package.xml
[0.915s] Invoked command in '/home/hehe/Documents/GitHub/swarm_robots/build/robot_bringup' returned '0': AMENT_PREFIX_PATH=/home/hehe/Documents/GitHub/swarm_robots/install/cartographer:${AMENT_PREFIX_PATH} CMAKE_PREFIX_PATH=/home/hehe/Documents/GitHub/swarm_robots/install/cartographer:/home/hehe/swarm/src/multibot/install/turtlebot3_multi_robot:/home/hehe/swarm/src/multibot/install/follow_waypoints:/opt/ros/humble /usr/bin/cmake --install /home/hehe/Documents/GitHub/swarm_robots/build/robot_bringup
