[0.725s] Invoking command in '/home/hehe/Documents/GitHub/swarm_robots/build/robot_navigation': CMAKE_PREFIX_PATH=${CMAKE_PREFIX_PATH}:/home/hehe/swarm/src/multibot/install/follow_waypoints:/opt/ros/humble /usr/bin/cmake /home/hehe/Documents/GitHub/swarm_robots/simulation_ws/src/robot_navigation -DAMENT_CMAKE_SYMLINK_INSTALL=1 -DCMAKE_INSTALL_PREFIX=/home/hehe/Documents/GitHub/swarm_robots/install/robot_navigation
[0.795s] -- The C compiler identification is GNU 11.4.0
[0.861s] -- The CXX compiler identification is GNU 11.4.0
[0.872s] -- Detecting C compiler ABI info
[0.961s] -- Detecting C compiler ABI info - done
[0.977s] -- Check for working C compiler: /usr/bin/cc - skipped
[0.977s] -- Detecting C compile features
[0.977s] -- Detecting C compile features - done
[0.979s] -- Detecting CXX compiler ABI info
[1.070s] -- Detecting CXX compiler ABI info - done
[1.080s] -- Check for working CXX compiler: /usr/bin/c++ - skipped
[1.080s] -- Detecting CXX compile features
[1.080s] -- Detecting CXX compile features - done
[1.083s] -- Found ament_cmake: 1.3.12 (/opt/ros/humble/share/ament_cmake/cmake)
[1.256s] -- Found Python3: /usr/bin/python3 (found version "3.10.12") found components: Interpreter 
[1.342s] -- Override CMake install command with custom implementation using symlinks instead of copying resources
[1.377s] -- Found nav2_bringup: 1.1.18 (/opt/ros/humble/share/nav2_bringup/cmake)
[1.378s] -- Found rclcpp: 16.0.14 (/opt/ros/humble/share/rclcpp/cmake)
[1.434s] -- Found rosidl_generator_c: 3.1.7 (/opt/ros/humble/share/rosidl_generator_c/cmake)
[1.441s] -- Found rosidl_adapter: 3.1.7 (/opt/ros/humble/share/rosidl_adapter/cmake)
[1.453s] -- Found rosidl_generator_cpp: 3.1.7 (/opt/ros/humble/share/rosidl_generator_cpp/cmake)
[1.465s] -- Using all available rosidl_typesupport_c: rosidl_typesupport_fastrtps_c;rosidl_typesupport_introspection_c
[1.484s] -- Using all available rosidl_typesupport_cpp: rosidl_typesupport_fastrtps_cpp;rosidl_typesupport_introspection_cpp
[1.548s] -- Found rmw_implementation_cmake: 6.1.2 (/opt/ros/humble/share/rmw_implementation_cmake/cmake)
[1.548s] -- Found rmw_fastrtps_cpp: 6.2.8 (/opt/ros/humble/share/rmw_fastrtps_cpp/cmake)
[1.683s] -- Found OpenSSL: /usr/lib/x86_64-linux-gnu/libcrypto.so (found version "3.0.2")  
[1.743s] -- Found FastRTPS: /opt/ros/humble/include  
[1.813s] -- Using RMW implementation 'rmw_fastrtps_cpp' as default
[1.823s] -- Looking for pthread.h
[1.919s] -- Looking for pthread.h - found
[1.921s] -- Performing Test CMAKE_HAVE_LIBC_PTHREAD
[2.013s] -- Performing Test CMAKE_HAVE_LIBC_PTHREAD - Success
[2.015s] -- Found Threads: TRUE  
[2.082s] -- Found nav2_util: 1.1.18 (/opt/ros/humble/share/nav2_util/cmake)
[2.332s] -- Found eigen3_cmake_module: 0.1.1 (/opt/ros/humble/share/eigen3_cmake_module/cmake)
[2.339s] -- Found Eigen3: TRUE (found version "3.4.0") 
[2.339s] -- Ensuring Eigen3 include directory is part of orocos-kdl CMake target
[2.476s] -- Found ament_lint_auto: 0.12.14 (/opt/ros/humble/share/ament_lint_auto/cmake)
[2.600s] -- Added test 'flake8' to check Python code syntax and style conventions
[2.602s] -- Added test 'lint_cmake' to check CMake code style
[2.602s] -- Added test 'pep257' to check Python code against some of the docstring style conventions in PEP 257
[2.605s] -- Added test 'xmllint' to check XML markup files
[2.608s] -- Configuring done
[2.622s] -- Generating done
[2.629s] -- Build files have been written to: /home/hehe/Documents/GitHub/swarm_robots/build/robot_navigation
[2.649s] Invoked command in '/home/hehe/Documents/GitHub/swarm_robots/build/robot_navigation' returned '0': CMAKE_PREFIX_PATH=${CMAKE_PREFIX_PATH}:/home/hehe/swarm/src/multibot/install/follow_waypoints:/opt/ros/humble /usr/bin/cmake /home/hehe/Documents/GitHub/swarm_robots/simulation_ws/src/robot_navigation -DAMENT_CMAKE_SYMLINK_INSTALL=1 -DCMAKE_INSTALL_PREFIX=/home/hehe/Documents/GitHub/swarm_robots/install/robot_navigation
[2.650s] Invoking command in '/home/hehe/Documents/GitHub/swarm_robots/build/robot_navigation': CMAKE_PREFIX_PATH=${CMAKE_PREFIX_PATH}:/home/hehe/swarm/src/multibot/install/follow_waypoints:/opt/ros/humble /usr/bin/cmake --build /home/hehe/Documents/GitHub/swarm_robots/build/robot_navigation -- -j6 -l6
[2.704s] Invoked command in '/home/hehe/Documents/GitHub/swarm_robots/build/robot_navigation' returned '0': CMAKE_PREFIX_PATH=${CMAKE_PREFIX_PATH}:/home/hehe/swarm/src/multibot/install/follow_waypoints:/opt/ros/humble /usr/bin/cmake --build /home/hehe/Documents/GitHub/swarm_robots/build/robot_navigation -- -j6 -l6
[2.718s] Invoking command in '/home/hehe/Documents/GitHub/swarm_robots/build/robot_navigation': CMAKE_PREFIX_PATH=${CMAKE_PREFIX_PATH}:/home/hehe/swarm/src/multibot/install/follow_waypoints:/opt/ros/humble /usr/bin/cmake --install /home/hehe/Documents/GitHub/swarm_robots/build/robot_navigation
[2.725s] -- Install configuration: ""
[2.725s] -- Execute custom install script
[2.727s] -- Symlinking: /home/hehe/Documents/GitHub/swarm_robots/install/robot_navigation/share/robot_navigation/launch/multi.py
[2.739s] -- Symlinking: /home/hehe/Documents/GitHub/swarm_robots/install/robot_navigation/share/robot_navigation/launch/multi_nav2.launch.py
[2.750s] -- Symlinking: /home/hehe/Documents/GitHub/swarm_robots/install/robot_navigation/share/robot_navigation/launch/nav2.launch.py
[2.760s] -- Symlinking: /home/hehe/Documents/GitHub/swarm_robots/install/robot_navigation/share/robot_navigation/maps/map.pgm
[2.775s] -- Symlinking: /home/hehe/Documents/GitHub/swarm_robots/install/robot_navigation/share/robot_navigation/maps/map.yaml
[2.786s] -- Symlinking: /home/hehe/Documents/GitHub/swarm_robots/install/robot_navigation/share/robot_navigation/params/na2_params2.yaml
[2.797s] -- Symlinking: /home/hehe/Documents/GitHub/swarm_robots/install/robot_navigation/share/robot_navigation/params/nav2_params.yaml
[2.809s] -- Symlinking: /home/hehe/Documents/GitHub/swarm_robots/install/robot_navigation/share/ament_index/resource_index/package_run_dependencies/robot_navigation
[2.821s] -- Symlinking: /home/hehe/Documents/GitHub/swarm_robots/install/robot_navigation/share/ament_index/resource_index/parent_prefix_path/robot_navigation
[2.833s] -- Symlinking: /home/hehe/Documents/GitHub/swarm_robots/install/robot_navigation/share/robot_navigation/environment/ament_prefix_path.sh
[2.846s] -- Symlinking: /home/hehe/Documents/GitHub/swarm_robots/install/robot_navigation/share/robot_navigation/environment/ament_prefix_path.dsv
[2.856s] -- Symlinking: /home/hehe/Documents/GitHub/swarm_robots/install/robot_navigation/share/robot_navigation/environment/path.sh
[2.869s] -- Symlinking: /home/hehe/Documents/GitHub/swarm_robots/install/robot_navigation/share/robot_navigation/environment/path.dsv
[2.880s] -- Symlinking: /home/hehe/Documents/GitHub/swarm_robots/install/robot_navigation/share/robot_navigation/local_setup.bash
[2.890s] -- Symlinking: /home/hehe/Documents/GitHub/swarm_robots/install/robot_navigation/share/robot_navigation/local_setup.sh
[2.901s] -- Symlinking: /home/hehe/Documents/GitHub/swarm_robots/install/robot_navigation/share/robot_navigation/local_setup.zsh
[2.917s] -- Symlinking: /home/hehe/Documents/GitHub/swarm_robots/install/robot_navigation/share/robot_navigation/local_setup.dsv
[2.923s] -- Symlinking: /home/hehe/Documents/GitHub/swarm_robots/install/robot_navigation/share/robot_navigation/package.dsv
[2.934s] -- Symlinking: /home/hehe/Documents/GitHub/swarm_robots/install/robot_navigation/share/ament_index/resource_index/packages/robot_navigation
[2.947s] -- Symlinking: /home/hehe/Documents/GitHub/swarm_robots/install/robot_navigation/share/robot_navigation/cmake/robot_navigationConfig.cmake
[2.965s] -- Symlinking: /home/hehe/Documents/GitHub/swarm_robots/install/robot_navigation/share/robot_navigation/cmake/robot_navigationConfig-version.cmake
[2.981s] -- Symlinking: /home/hehe/Documents/GitHub/swarm_robots/install/robot_navigation/share/robot_navigation/package.xml
[2.998s] Invoked command in '/home/hehe/Documents/GitHub/swarm_robots/build/robot_navigation' returned '0': CMAKE_PREFIX_PATH=${CMAKE_PREFIX_PATH}:/home/hehe/swarm/src/multibot/install/follow_waypoints:/opt/ros/humble /usr/bin/cmake --install /home/hehe/Documents/GitHub/swarm_robots/build/robot_navigation
