[0.014s] Invoking command in '/home/hehe/Documents/GitHub/swarm_robots/build/turtlebot3_multi_robot': CMAKE_PREFIX_PATH=${CMAKE_PREFIX_PATH}:/home/hehe/swarm/src/multibot/install/follow_waypoints:/opt/ros/humble /usr/bin/cmake /home/hehe/Documents/GitHub/swarm_robots/simulation_ws/src/turtlebot3_multi_robot -DAMENT_CMAKE_SYMLINK_INSTALL=1 -DCMAKE_INSTALL_PREFIX=/home/hehe/Documents/GitHub/swarm_robots/install/turtlebot3_multi_robot
[0.090s] -- The C compiler identification is GNU 11.4.0
[0.161s] -- The CXX compiler identification is GNU 11.4.0
[0.169s] -- Detecting C compiler ABI info
[0.252s] -- Detecting C compiler ABI info - done
[0.258s] -- Check for working C compiler: /usr/bin/cc - skipped
[0.259s] -- Detecting C compile features
[0.259s] -- Detecting C compile features - done
[0.264s] -- Detecting CXX compiler ABI info
[0.390s] -- Detecting CXX compiler ABI info - done
[0.407s] -- Check for working CXX compiler: /usr/bin/c++ - skipped
[0.408s] -- Detecting CXX compile features
[0.409s] -- Detecting CXX compile features - done
[0.414s] -- Found ament_cmake: 1.3.12 (/opt/ros/humble/share/ament_cmake/cmake)
[0.605s] -- Found Python3: /usr/bin/python3 (found version "3.10.12") found components: Interpreter 
[0.695s] -- Override CMake install command with custom implementation using symlinks instead of copying resources
[0.835s] -- Configuring done
[0.843s] -- Generating done
[0.843s] -- Build files have been written to: /home/hehe/Documents/GitHub/swarm_robots/build/turtlebot3_multi_robot
[0.853s] Invoked command in '/home/hehe/Documents/GitHub/swarm_robots/build/turtlebot3_multi_robot' returned '0': CMAKE_PREFIX_PATH=${CMAKE_PREFIX_PATH}:/home/hehe/swarm/src/multibot/install/follow_waypoints:/opt/ros/humble /usr/bin/cmake /home/hehe/Documents/GitHub/swarm_robots/simulation_ws/src/turtlebot3_multi_robot -DAMENT_CMAKE_SYMLINK_INSTALL=1 -DCMAKE_INSTALL_PREFIX=/home/hehe/Documents/GitHub/swarm_robots/install/turtlebot3_multi_robot
[0.853s] Invoking command in '/home/hehe/Documents/GitHub/swarm_robots/build/turtlebot3_multi_robot': CMAKE_PREFIX_PATH=${CMAKE_PREFIX_PATH}:/home/hehe/swarm/src/multibot/install/follow_waypoints:/opt/ros/humble /usr/bin/cmake --build /home/hehe/Documents/GitHub/swarm_robots/build/turtlebot3_multi_robot -- -j6 -l6
[0.943s] Invoked command in '/home/hehe/Documents/GitHub/swarm_robots/build/turtlebot3_multi_robot' returned '0': CMAKE_PREFIX_PATH=${CMAKE_PREFIX_PATH}:/home/hehe/swarm/src/multibot/install/follow_waypoints:/opt/ros/humble /usr/bin/cmake --build /home/hehe/Documents/GitHub/swarm_robots/build/turtlebot3_multi_robot -- -j6 -l6
[0.948s] Invoking command in '/home/hehe/Documents/GitHub/swarm_robots/build/turtlebot3_multi_robot': CMAKE_PREFIX_PATH=${CMAKE_PREFIX_PATH}:/home/hehe/swarm/src/multibot/install/follow_waypoints:/opt/ros/humble /usr/bin/cmake --install /home/hehe/Documents/GitHub/swarm_robots/build/turtlebot3_multi_robot
[0.955s] -- Install configuration: ""
[0.957s] -- Execute custom install script
[0.957s] -- Symlinking: /home/hehe/Documents/GitHub/swarm_robots/install/turtlebot3_multi_robot/share/turtlebot3_multi_robot//launch/gazebo_1robot_nav2_world.launch.py
[0.967s] -- Symlinking: /home/hehe/Documents/GitHub/swarm_robots/install/turtlebot3_multi_robot/share/turtlebot3_multi_robot//launch/gazebo_3robot_nav2_world.launch.py
[0.983s] -- Symlinking: /home/hehe/Documents/GitHub/swarm_robots/install/turtlebot3_multi_robot/share/turtlebot3_multi_robot//launch/gazebo_multi_nav2_world.launch.py
[0.995s] -- Symlinking: /home/hehe/Documents/GitHub/swarm_robots/install/turtlebot3_multi_robot/share/turtlebot3_multi_robot//launch/gazebo_multi_world.launch.py
[1.008s] -- Symlinking: /home/hehe/Documents/GitHub/swarm_robots/install/turtlebot3_multi_robot/share/turtlebot3_multi_robot//launch/nav2_bringup/bringup_launch.py
[1.017s] -- Symlinking: /home/hehe/Documents/GitHub/swarm_robots/install/turtlebot3_multi_robot/share/turtlebot3_multi_robot//launch/nav2_bringup/localization_launch.py
[1.028s] -- Symlinking: /home/hehe/Documents/GitHub/swarm_robots/install/turtlebot3_multi_robot/share/turtlebot3_multi_robot//launch/nav2_bringup/navigation_launch.py
[1.042s] -- Symlinking: /home/hehe/Documents/GitHub/swarm_robots/install/turtlebot3_multi_robot/share/turtlebot3_multi_robot//launch/nav2_bringup/rviz_launch.py
[1.052s] -- Symlinking: /home/hehe/Documents/GitHub/swarm_robots/install/turtlebot3_multi_robot/share/turtlebot3_multi_robot//launch/nav2_bringup/slam_launch.py
[1.063s] -- Symlinking: /home/hehe/Documents/GitHub/swarm_robots/install/turtlebot3_multi_robot/share/turtlebot3_multi_robot//launch/tb_buildmap.launch.py
[1.073s] -- Symlinking: /home/hehe/Documents/GitHub/swarm_robots/install/turtlebot3_multi_robot/share/turtlebot3_multi_robot//launch/tb_customworld.launch.py
[1.084s] -- Symlinking: /home/hehe/Documents/GitHub/swarm_robots/install/turtlebot3_multi_robot/share/turtlebot3_multi_robot//models/turtlebot3_burger/meshes/burger_base.dae
[1.103s] -- Symlinking: /home/hehe/Documents/GitHub/swarm_robots/install/turtlebot3_multi_robot/share/turtlebot3_multi_robot//models/turtlebot3_burger/meshes/lds.dae
[1.114s] -- Symlinking: /home/hehe/Documents/GitHub/swarm_robots/install/turtlebot3_multi_robot/share/turtlebot3_multi_robot//models/turtlebot3_burger/meshes/tire.dae
[1.124s] -- Symlinking: /home/hehe/Documents/GitHub/swarm_robots/install/turtlebot3_multi_robot/share/turtlebot3_multi_robot//models/turtlebot3_burger/model-1_4.sdf
[1.135s] -- Symlinking: /home/hehe/Documents/GitHub/swarm_robots/install/turtlebot3_multi_robot/share/turtlebot3_multi_robot//models/turtlebot3_burger/model.config
[1.143s] -- Symlinking: /home/hehe/Documents/GitHub/swarm_robots/install/turtlebot3_multi_robot/share/turtlebot3_multi_robot//models/turtlebot3_burger/model.sdf
[1.153s] -- Symlinking: /home/hehe/Documents/GitHub/swarm_robots/install/turtlebot3_multi_robot/share/turtlebot3_multi_robot//models/turtlebot3_waffle/meshes/lds.dae
[1.163s] -- Symlinking: /home/hehe/Documents/GitHub/swarm_robots/install/turtlebot3_multi_robot/share/turtlebot3_multi_robot//models/turtlebot3_waffle/meshes/r200.dae
[1.173s] -- Symlinking: /home/hehe/Documents/GitHub/swarm_robots/install/turtlebot3_multi_robot/share/turtlebot3_multi_robot//models/turtlebot3_waffle/meshes/tire.dae
[1.182s] -- Symlinking: /home/hehe/Documents/GitHub/swarm_robots/install/turtlebot3_multi_robot/share/turtlebot3_multi_robot//models/turtlebot3_waffle/meshes/waffle_base.dae
[1.192s] -- Symlinking: /home/hehe/Documents/GitHub/swarm_robots/install/turtlebot3_multi_robot/share/turtlebot3_multi_robot//models/turtlebot3_waffle/model-1_4.sdf
[1.205s] -- Symlinking: /home/hehe/Documents/GitHub/swarm_robots/install/turtlebot3_multi_robot/share/turtlebot3_multi_robot//models/turtlebot3_waffle/model.config
[1.213s] -- Symlinking: /home/hehe/Documents/GitHub/swarm_robots/install/turtlebot3_multi_robot/share/turtlebot3_multi_robot//models/turtlebot3_waffle/model.sdf
[1.222s] -- Symlinking: /home/hehe/Documents/GitHub/swarm_robots/install/turtlebot3_multi_robot/share/turtlebot3_multi_robot//models/turtlebot3_waffle/model_nocamera.sdf
[1.232s] -- Symlinking: /home/hehe/Documents/GitHub/swarm_robots/install/turtlebot3_multi_robot/share/turtlebot3_multi_robot//rviz/multi_nav2_default_view.rviz
[1.241s] -- Symlinking: /home/hehe/Documents/GitHub/swarm_robots/install/turtlebot3_multi_robot/share/turtlebot3_multi_robot//rviz/nav2_default_view.rviz
[1.251s] -- Symlinking: /home/hehe/Documents/GitHub/swarm_robots/install/turtlebot3_multi_robot/share/turtlebot3_multi_robot//urdf/common_properties.urdf
[1.261s] -- Symlinking: /home/hehe/Documents/GitHub/swarm_robots/install/turtlebot3_multi_robot/share/turtlebot3_multi_robot//urdf/turtlebot3_burger.urdf
[1.274s] -- Symlinking: /home/hehe/Documents/GitHub/swarm_robots/install/turtlebot3_multi_robot/share/turtlebot3_multi_robot//urdf/turtlebot3_waffle.urdf
[1.288s] -- Symlinking: /home/hehe/Documents/GitHub/swarm_robots/install/turtlebot3_multi_robot/share/turtlebot3_multi_robot//worlds/multi_empty_world.world
[1.298s] -- Symlinking: /home/hehe/Documents/GitHub/swarm_robots/install/turtlebot3_multi_robot/share/turtlebot3_multi_robot//worlds/multi_robot_world.world
[1.309s] -- Symlinking: /home/hehe/Documents/GitHub/swarm_robots/install/turtlebot3_multi_robot/share/turtlebot3_multi_robot//worlds/swarm_world.world
[1.321s] -- Symlinking: /home/hehe/Documents/GitHub/swarm_robots/install/turtlebot3_multi_robot/share/turtlebot3_multi_robot//params/nav2_params.yaml
[1.330s] -- Symlinking: /home/hehe/Documents/GitHub/swarm_robots/install/turtlebot3_multi_robot/share/turtlebot3_multi_robot//map/swarm_map.pgm
[1.341s] -- Symlinking: /home/hehe/Documents/GitHub/swarm_robots/install/turtlebot3_multi_robot/share/turtlebot3_multi_robot//map/swarm_map.yaml
[1.350s] -- Symlinking: /home/hehe/Documents/GitHub/swarm_robots/install/turtlebot3_multi_robot/share/turtlebot3_multi_robot/environment/multi_robot.dsv
[1.360s] -- Symlinking: /home/hehe/Documents/GitHub/swarm_robots/install/turtlebot3_multi_robot/share/ament_index/resource_index/package_run_dependencies/turtlebot3_multi_robot
[1.373s] -- Symlinking: /home/hehe/Documents/GitHub/swarm_robots/install/turtlebot3_multi_robot/share/ament_index/resource_index/parent_prefix_path/turtlebot3_multi_robot
[1.379s] -- Symlinking: /home/hehe/Documents/GitHub/swarm_robots/install/turtlebot3_multi_robot/share/turtlebot3_multi_robot/environment/ament_prefix_path.sh
[1.390s] -- Symlinking: /home/hehe/Documents/GitHub/swarm_robots/install/turtlebot3_multi_robot/share/turtlebot3_multi_robot/environment/ament_prefix_path.dsv
[1.400s] -- Symlinking: /home/hehe/Documents/GitHub/swarm_robots/install/turtlebot3_multi_robot/share/turtlebot3_multi_robot/environment/path.sh
[1.410s] -- Symlinking: /home/hehe/Documents/GitHub/swarm_robots/install/turtlebot3_multi_robot/share/turtlebot3_multi_robot/environment/path.dsv
[1.421s] -- Symlinking: /home/hehe/Documents/GitHub/swarm_robots/install/turtlebot3_multi_robot/share/turtlebot3_multi_robot/local_setup.bash
[1.433s] -- Symlinking: /home/hehe/Documents/GitHub/swarm_robots/install/turtlebot3_multi_robot/share/turtlebot3_multi_robot/local_setup.sh
[1.444s] -- Symlinking: /home/hehe/Documents/GitHub/swarm_robots/install/turtlebot3_multi_robot/share/turtlebot3_multi_robot/local_setup.zsh
[1.455s] -- Symlinking: /home/hehe/Documents/GitHub/swarm_robots/install/turtlebot3_multi_robot/share/turtlebot3_multi_robot/local_setup.dsv
[1.469s] -- Symlinking: /home/hehe/Documents/GitHub/swarm_robots/install/turtlebot3_multi_robot/share/turtlebot3_multi_robot/package.dsv
[1.485s] -- Symlinking: /home/hehe/Documents/GitHub/swarm_robots/install/turtlebot3_multi_robot/share/ament_index/resource_index/packages/turtlebot3_multi_robot
[1.499s] -- Symlinking: /home/hehe/Documents/GitHub/swarm_robots/install/turtlebot3_multi_robot/share/turtlebot3_multi_robot/cmake/turtlebot3_multi_robotConfig.cmake
[1.510s] -- Symlinking: /home/hehe/Documents/GitHub/swarm_robots/install/turtlebot3_multi_robot/share/turtlebot3_multi_robot/cmake/turtlebot3_multi_robotConfig-version.cmake
[1.520s] -- Symlinking: /home/hehe/Documents/GitHub/swarm_robots/install/turtlebot3_multi_robot/share/turtlebot3_multi_robot/package.xml
[1.533s] Invoked command in '/home/hehe/Documents/GitHub/swarm_robots/build/turtlebot3_multi_robot' returned '0': CMAKE_PREFIX_PATH=${CMAKE_PREFIX_PATH}:/home/hehe/swarm/src/multibot/install/follow_waypoints:/opt/ros/humble /usr/bin/cmake --install /home/hehe/Documents/GitHub/swarm_robots/build/turtlebot3_multi_robot
