[0.026s] Invoking command in '/home/hehe/Documents/GitHub/swarm_robots/build/cartographer': CMAKE_PREFIX_PATH=${CMAKE_PREFIX_PATH}:/home/hehe/swarm/src/multibot/install/follow_waypoints:/opt/ros/humble /usr/bin/cmake /home/hehe/Documents/GitHub/swarm_robots/simulation_ws/src/cartographer -DAMENT_CMAKE_SYMLINK_INSTALL=1 -DCMAKE_INSTALL_PREFIX=/home/hehe/Documents/GitHub/swarm_robots/install/cartographer
[0.739s] -- The C compiler identification is GNU 11.4.0
[0.739s] -- The CXX compiler identification is GNU 11.4.0
[0.739s] -- Detecting C compiler ABI info
[0.739s] -- Detecting C compiler ABI info - done
[0.739s] -- Check for working C compiler: /usr/bin/cc - skipped
[0.739s] -- Detecting C compile features
[0.739s] -- Detecting C compile features - done
[0.739s] -- Detecting CXX compiler ABI info
[0.741s] -- Detecting CXX compiler ABI info - done
[0.741s] -- Check for working CXX compiler: /usr/bin/c++ - skipped
[0.741s] -- Detecting CXX compile features
[0.741s] -- Detecting CXX compile features - done
[0.741s] -- Found ament_cmake: 1.3.12 (/opt/ros/humble/share/ament_cmake/cmake)
[0.741s] -- Found Python3: /usr/bin/python3 (found version "3.10.12") found components: Interpreter 
[0.741s] -- Override CMake install command with custom implementation using symlinks instead of copying resources
[0.741s] -- Found rclcpp: 16.0.14 (/opt/ros/humble/share/rclcpp/cmake)
[0.741s] -- Found rosidl_generator_c: 3.1.7 (/opt/ros/humble/share/rosidl_generator_c/cmake)
[0.741s] -- Found rosidl_adapter: 3.1.7 (/opt/ros/humble/share/rosidl_adapter/cmake)
[0.741s] -- Found rosidl_generator_cpp: 3.1.7 (/opt/ros/humble/share/rosidl_generator_cpp/cmake)
[0.741s] -- Using all available rosidl_typesupport_c: rosidl_typesupport_fastrtps_c;rosidl_typesupport_introspection_c
[0.741s] -- Using all available rosidl_typesupport_cpp: rosidl_typesupport_fastrtps_cpp;rosidl_typesupport_introspection_cpp
[0.741s] -- Found rmw_implementation_cmake: 6.1.2 (/opt/ros/humble/share/rmw_implementation_cmake/cmake)
[0.743s] -- Found rmw_fastrtps_cpp: 6.2.8 (/opt/ros/humble/share/rmw_fastrtps_cpp/cmake)
[0.869s] -- Found OpenSSL: /usr/lib/x86_64-linux-gnu/libcrypto.so (found version "3.0.2")  
[0.905s] -- Found FastRTPS: /opt/ros/humble/include  
[0.955s] -- Using RMW implementation 'rmw_fastrtps_cpp' as default
[0.980s] -- Looking for pthread.h
[1.101s] -- Looking for pthread.h - found
[1.103s] -- Performing Test CMAKE_HAVE_LIBC_PTHREAD
[1.209s] -- Performing Test CMAKE_HAVE_LIBC_PTHREAD - Success
[1.210s] -- Found Threads: TRUE  
[1.295s] -- Found sensor_msgs: 4.9.0 (/opt/ros/humble/share/sensor_msgs/cmake)
[1.339s] -- Found nav_msgs: 4.9.0 (/opt/ros/humble/share/nav_msgs/cmake)
[1.381s] -- Found tf2_ros: 0.25.16 (/opt/ros/humble/share/tf2_ros/cmake)
[1.622s] -- Found ament_lint_auto: 0.12.14 (/opt/ros/humble/share/ament_lint_auto/cmake)
[1.632s] -- Found cartographer_ros: 2.0.9002 (/opt/ros/humble/share/cartographer_ros/cmake)
[1.757s] -- Found Boost: /usr/lib/x86_64-linux-gnu/cmake/Boost-1.74.0/BoostConfig.cmake (found version "1.74.0") found components: iostreams 
[1.900s] -- Checking for module 'eigen3'
[1.921s] --   Found eigen3, version 3.4.0
[1.962s] -- Found Eigen: /usr/include/eigen3 (Required is at least version "3.1") 
[1.962s] -- Eigen found (include: /usr/include/eigen3, version: 3.4.0)
[2.000s] -- Checking for module 'flann'
[2.022s] --   Found flann, version 1.9.1
[2.086s] -- Found FLANN: /usr/lib/x86_64-linux-gnu/libflann_cpp.so  
[2.086s] -- FLANN found (include: /usr/include, lib: /usr/lib/x86_64-linux-gnu/libflann_cpp.so)
[3.632s] -- Checking for module 'libusb-1.0'
[3.652s] --   Found libusb-1.0, version 1.0.25
[3.709s] -- Found libusb: /usr/lib/x86_64-linux-gnu/libusb-1.0.so  
[3.713s] -- OpenNI found (version: 1.5.4.0, include: /usr/include/ni, lib: /usr/lib/libOpenNI.so;libusb::libusb)
[3.784s] -- OpenNI2 found (version: 2.2.0.33, include: /usr/include/openni2, lib: /usr/lib/x86_64-linux-gnu/libOpenNI2.so;libusb::libusb)
[3.947s] -- Eigen found (include: /usr/include/eigen3, version: 3.4.0)
[3.954s] -- OpenNI found (version: 1.5.4.0, include: /usr/include/ni, lib: /usr/lib/libOpenNI.so;libusb::libusb)
[3.962s] -- OpenNI2 found (version: 2.2.0.33, include: /usr/include/openni2, lib: /usr/lib/x86_64-linux-gnu/libOpenNI2.so;libusb::libusb)
[4.123s] -- Found Qhull version 8.0.2
[4.312s] -- OpenNI found (version: 1.5.4.0, include: /usr/include/ni, lib: /usr/lib/libOpenNI.so;libusb::libusb)
[4.474s] -- Found PCL_COMMON: /usr/lib/x86_64-linux-gnu/libpcl_common.so  
[4.475s] -- Found PCL_KDTREE: /usr/lib/x86_64-linux-gnu/libpcl_kdtree.so  
[4.476s] -- Found PCL_OCTREE: /usr/lib/x86_64-linux-gnu/libpcl_octree.so  
[4.478s] -- Found PCL_SEARCH: /usr/lib/x86_64-linux-gnu/libpcl_search.so  
[4.479s] -- Found PCL_SAMPLE_CONSENSUS: /usr/lib/x86_64-linux-gnu/libpcl_sample_consensus.so  
[4.480s] -- Found PCL_FILTERS: /usr/lib/x86_64-linux-gnu/libpcl_filters.so  
[4.480s] -- Found PCL_2D: /usr/include/pcl-1.12  
[4.481s] -- Found PCL_GEOMETRY: /usr/include/pcl-1.12  
[4.482s] -- Found PCL_IO: /usr/lib/x86_64-linux-gnu/libpcl_io.so  
[4.482s] -- Found PCL_FEATURES: /usr/lib/x86_64-linux-gnu/libpcl_features.so  
[4.483s] -- Found PCL_ML: /usr/lib/x86_64-linux-gnu/libpcl_ml.so  
[4.484s] -- Found PCL_SEGMENTATION: /usr/lib/x86_64-linux-gnu/libpcl_segmentation.so  
[4.485s] -- Found PCL_VISUALIZATION: /usr/lib/x86_64-linux-gnu/libpcl_visualization.so  
[4.486s] -- Found PCL_SURFACE: /usr/lib/x86_64-linux-gnu/libpcl_surface.so  
[4.488s] -- Found PCL_REGISTRATION: /usr/lib/x86_64-linux-gnu/libpcl_registration.so  
[4.490s] -- Found PCL_KEYPOINTS: /usr/lib/x86_64-linux-gnu/libpcl_keypoints.so  
[4.491s] -- Found PCL_TRACKING: /usr/lib/x86_64-linux-gnu/libpcl_tracking.so  
[4.493s] -- Found PCL_RECOGNITION: /usr/lib/x86_64-linux-gnu/libpcl_recognition.so  
[4.495s] -- Found PCL_STEREO: /usr/lib/x86_64-linux-gnu/libpcl_stereo.so  
[4.495s] -- Found PCL_APPS: /usr/lib/x86_64-linux-gnu/libpcl_apps.so  
[4.497s] -- Found PCL_IN_HAND_SCANNER: /usr/include/pcl-1.12  
[4.497s] -- Found PCL_MODELER: /usr/include/pcl-1.12  
[4.500s] -- Found PCL_POINT_CLOUD_EDITOR: /usr/include/pcl-1.12  
[4.500s] -- Found PCL_OUTOFCORE: /usr/lib/x86_64-linux-gnu/libpcl_outofcore.so  
[4.502s] -- Found PCL_PEOPLE: /usr/lib/x86_64-linux-gnu/libpcl_people.so  
[4.670s] -- Added test 'flake8' to check Python code syntax and style conventions
[4.671s] -- Added test 'lint_cmake' to check CMake code style
[4.672s] -- Added test 'pep257' to check Python code against some of the docstring style conventions in PEP 257
[4.673s] -- Added test 'xmllint' to check XML markup files
[4.675s] -- Configuring done
[4.687s] -- Generating done
[4.688s] -- Build files have been written to: /home/hehe/Documents/GitHub/swarm_robots/build/cartographer
[4.709s] Invoked command in '/home/hehe/Documents/GitHub/swarm_robots/build/cartographer' returned '0': CMAKE_PREFIX_PATH=${CMAKE_PREFIX_PATH}:/home/hehe/swarm/src/multibot/install/follow_waypoints:/opt/ros/humble /usr/bin/cmake /home/hehe/Documents/GitHub/swarm_robots/simulation_ws/src/cartographer -DAMENT_CMAKE_SYMLINK_INSTALL=1 -DCMAKE_INSTALL_PREFIX=/home/hehe/Documents/GitHub/swarm_robots/install/cartographer
[4.712s] Invoking command in '/home/hehe/Documents/GitHub/swarm_robots/build/cartographer': CMAKE_PREFIX_PATH=${CMAKE_PREFIX_PATH}:/home/hehe/swarm/src/multibot/install/follow_waypoints:/opt/ros/humble /usr/bin/cmake --build /home/hehe/Documents/GitHub/swarm_robots/build/cartographer -- -j6 -l6
[4.757s] Invoked command in '/home/hehe/Documents/GitHub/swarm_robots/build/cartographer' returned '0': CMAKE_PREFIX_PATH=${CMAKE_PREFIX_PATH}:/home/hehe/swarm/src/multibot/install/follow_waypoints:/opt/ros/humble /usr/bin/cmake --build /home/hehe/Documents/GitHub/swarm_robots/build/cartographer -- -j6 -l6
[4.760s] Invoking command in '/home/hehe/Documents/GitHub/swarm_robots/build/cartographer': CMAKE_PREFIX_PATH=${CMAKE_PREFIX_PATH}:/home/hehe/swarm/src/multibot/install/follow_waypoints:/opt/ros/humble /usr/bin/cmake --install /home/hehe/Documents/GitHub/swarm_robots/build/cartographer
[4.766s] -- Install configuration: ""
[4.766s] -- Execute custom install script
[4.767s] -- Symlinking: /home/hehe/Documents/GitHub/swarm_robots/install/cartographer/share/cartographer/config/cartographer_config.lua
[4.776s] -- Symlinking: /home/hehe/Documents/GitHub/swarm_robots/install/cartographer/share/cartographer/launch/cartographer.launch.py
[4.785s] -- Symlinking: /home/hehe/Documents/GitHub/swarm_robots/install/cartographer/share/cartographer/launch/occupancy_grid.launch.py
[4.795s] -- Symlinking: /home/hehe/Documents/GitHub/swarm_robots/install/cartographer/share/cartographer/rviz/cartographer.rviz
[4.806s] -- Symlinking: /home/hehe/Documents/GitHub/swarm_robots/install/cartographer/share/ament_index/resource_index/package_run_dependencies/cartographer
[4.821s] -- Symlinking: /home/hehe/Documents/GitHub/swarm_robots/install/cartographer/share/ament_index/resource_index/parent_prefix_path/cartographer
[4.830s] -- Symlinking: /home/hehe/Documents/GitHub/swarm_robots/install/cartographer/share/cartographer/environment/ament_prefix_path.sh
[4.840s] -- Symlinking: /home/hehe/Documents/GitHub/swarm_robots/install/cartographer/share/cartographer/environment/ament_prefix_path.dsv
[4.849s] -- Symlinking: /home/hehe/Documents/GitHub/swarm_robots/install/cartographer/share/cartographer/environment/path.sh
[4.857s] -- Symlinking: /home/hehe/Documents/GitHub/swarm_robots/install/cartographer/share/cartographer/environment/path.dsv
[4.866s] -- Symlinking: /home/hehe/Documents/GitHub/swarm_robots/install/cartographer/share/cartographer/local_setup.bash
[4.875s] -- Symlinking: /home/hehe/Documents/GitHub/swarm_robots/install/cartographer/share/cartographer/local_setup.sh
[4.886s] -- Symlinking: /home/hehe/Documents/GitHub/swarm_robots/install/cartographer/share/cartographer/local_setup.zsh
[4.894s] -- Symlinking: /home/hehe/Documents/GitHub/swarm_robots/install/cartographer/share/cartographer/local_setup.dsv
[4.902s] -- Symlinking: /home/hehe/Documents/GitHub/swarm_robots/install/cartographer/share/cartographer/package.dsv
[4.910s] -- Symlinking: /home/hehe/Documents/GitHub/swarm_robots/install/cartographer/share/ament_index/resource_index/packages/cartographer
[4.920s] -- Symlinking: /home/hehe/Documents/GitHub/swarm_robots/install/cartographer/share/cartographer/cmake/cartographerConfig.cmake
[4.929s] -- Symlinking: /home/hehe/Documents/GitHub/swarm_robots/install/cartographer/share/cartographer/cmake/cartographerConfig-version.cmake
[4.938s] -- Symlinking: /home/hehe/Documents/GitHub/swarm_robots/install/cartographer/share/cartographer/package.xml
[4.949s] Invoked command in '/home/hehe/Documents/GitHub/swarm_robots/build/cartographer' returned '0': CMAKE_PREFIX_PATH=${CMAKE_PREFIX_PATH}:/home/hehe/swarm/src/multibot/install/follow_waypoints:/opt/ros/humble /usr/bin/cmake --install /home/hehe/Documents/GitHub/swarm_robots/build/cartographer
